------------------------------------------------------------
Timing Analyzer Summary
------------------------------------------------------------

Type  : Slow 1200mV 85C Model Setup 'baudGenerator:bg1|BAUD'
Slack : -3.157
TNS   : -56.339

Type  : Slow 1200mV 85C Model Setup 'CLK'
Slack : -2.687
TNS   : -34.390

Type  : Slow 1200mV 85C Model Hold 'baudGenerator:bg1|BAUD'
Slack : 0.408
TNS   : 0.000

Type  : Slow 1200mV 85C Model Hold 'CLK'
Slack : 0.632
TNS   : 0.000

Type  : Slow 1200mV 85C Model Minimum Pulse Width 'CLK'
Slack : -3.000
TNS   : -33.840

Type  : Slow 1200mV 85C Model Minimum Pulse Width 'baudGenerator:bg1|BAUD'
Slack : -1.285
TNS   : -24.415

Type  : Slow 1200mV 0C Model Setup 'baudGenerator:bg1|BAUD'
Slack : -2.824
TNS   : -49.930

Type  : Slow 1200mV 0C Model Setup 'CLK'
Slack : -2.435
TNS   : -28.358

Type  : Slow 1200mV 0C Model Hold 'baudGenerator:bg1|BAUD'
Slack : 0.366
TNS   : 0.000

Type  : Slow 1200mV 0C Model Hold 'CLK'
Slack : 0.578
TNS   : 0.000

Type  : Slow 1200mV 0C Model Minimum Pulse Width 'CLK'
Slack : -3.000
TNS   : -33.840

Type  : Slow 1200mV 0C Model Minimum Pulse Width 'baudGenerator:bg1|BAUD'
Slack : -1.285
TNS   : -24.415

Type  : Fast 1200mV 0C Model Setup 'baudGenerator:bg1|BAUD'
Slack : -1.017
TNS   : -17.612

Type  : Fast 1200mV 0C Model Setup 'CLK'
Slack : -0.935
TNS   : -5.489

Type  : Fast 1200mV 0C Model Hold 'baudGenerator:bg1|BAUD'
Slack : 0.189
TNS   : 0.000

Type  : Fast 1200mV 0C Model Hold 'CLK'
Slack : 0.287
TNS   : 0.000

Type  : Fast 1200mV 0C Model Minimum Pulse Width 'CLK'
Slack : -3.000
TNS   : -28.463

Type  : Fast 1200mV 0C Model Minimum Pulse Width 'baudGenerator:bg1|BAUD'
Slack : -1.000
TNS   : -19.000

------------------------------------------------------------
